------------------------------------------------------------
TimeQuest Timing Analyzer Summary
------------------------------------------------------------

Type  : Slow 1200mV 85C Model Setup 'inst|u6|altpll_component|auto_generated|pll1|clk[0]'
Slack : -0.673
TNS   : -39.002

Type  : Slow 1200mV 85C Model Setup 'CLOCK_50'
Slack : 15.342
TNS   : 0.000

Type  : Slow 1200mV 85C Model Hold 'inst|u6|altpll_component|auto_generated|pll1|clk[0]'
Slack : 0.266
TNS   : 0.000

Type  : Slow 1200mV 85C Model Hold 'CLOCK_50'
Slack : 0.358
TNS   : 0.000

Type  : Slow 1200mV 85C Model Recovery 'inst|u6|altpll_component|auto_generated|pll1|clk[0]'
Slack : -1.462
TNS   : -341.817

Type  : Slow 1200mV 85C Model Recovery 'CLOCK_50'
Slack : 14.391
TNS   : 0.000

Type  : Slow 1200mV 85C Model Removal 'CLOCK_50'
Slack : 1.804
TNS   : 0.000

Type  : Slow 1200mV 85C Model Removal 'inst|u6|altpll_component|auto_generated|pll1|clk[0]'
Slack : 4.087
TNS   : 0.000

Type  : Slow 1200mV 85C Model Minimum Pulse Width 'inst|u6|altpll_component|auto_generated|pll1|clk[0]'
Slack : 3.735
TNS   : 0.000

Type  : Slow 1200mV 85C Model Minimum Pulse Width 'CLOCK_50'
Slack : 9.580
TNS   : 0.000

Type  : Slow 1200mV 0C Model Setup 'inst|u6|altpll_component|auto_generated|pll1|clk[0]'
Slack : -0.133
TNS   : -1.617

Type  : Slow 1200mV 0C Model Setup 'CLOCK_50'
Slack : 15.793
TNS   : 0.000

Type  : Slow 1200mV 0C Model Hold 'inst|u6|altpll_component|auto_generated|pll1|clk[0]'
Slack : 0.234
TNS   : 0.000

Type  : Slow 1200mV 0C Model Hold 'CLOCK_50'
Slack : 0.312
TNS   : 0.000

Type  : Slow 1200mV 0C Model Recovery 'inst|u6|altpll_component|auto_generated|pll1|clk[0]'
Slack : -0.806
TNS   : -151.036

Type  : Slow 1200mV 0C Model Recovery 'CLOCK_50'
Slack : 14.963
TNS   : 0.000

Type  : Slow 1200mV 0C Model Removal 'CLOCK_50'
Slack : 1.664
TNS   : 0.000

Type  : Slow 1200mV 0C Model Removal 'inst|u6|altpll_component|auto_generated|pll1|clk[0]'
Slack : 3.595
TNS   : 0.000

Type  : Slow 1200mV 0C Model Minimum Pulse Width 'inst|u6|altpll_component|auto_generated|pll1|clk[0]'
Slack : 3.740
TNS   : 0.000

Type  : Slow 1200mV 0C Model Minimum Pulse Width 'CLOCK_50'
Slack : 9.561
TNS   : 0.000

Type  : Fast 1200mV 0C Model Setup 'inst|u6|altpll_component|auto_generated|pll1|clk[0]'
Slack : 1.315
TNS   : 0.000

Type  : Fast 1200mV 0C Model Setup 'CLOCK_50'
Slack : 17.324
TNS   : 0.000

Type  : Fast 1200mV 0C Model Hold 'inst|u6|altpll_component|auto_generated|pll1|clk[0]'
Slack : 0.141
TNS   : 0.000

Type  : Fast 1200mV 0C Model Hold 'CLOCK_50'
Slack : 0.187
TNS   : 0.000

Type  : Fast 1200mV 0C Model Recovery 'inst|u6|altpll_component|auto_generated|pll1|clk[0]'
Slack : 0.805
TNS   : 0.000

Type  : Fast 1200mV 0C Model Recovery 'CLOCK_50'
Slack : 16.693
TNS   : 0.000

Type  : Fast 1200mV 0C Model Removal 'CLOCK_50'
Slack : 0.983
TNS   : 0.000

Type  : Fast 1200mV 0C Model Removal 'inst|u6|altpll_component|auto_generated|pll1|clk[0]'
Slack : 2.386
TNS   : 0.000

Type  : Fast 1200mV 0C Model Minimum Pulse Width 'inst|u6|altpll_component|auto_generated|pll1|clk[0]'
Slack : 3.747
TNS   : 0.000

Type  : Fast 1200mV 0C Model Minimum Pulse Width 'CLOCK_50'
Slack : 9.267
TNS   : 0.000

------------------------------------------------------------
